<html>
<body>
<pre>
<h1>µVision Build Log</h1>
<h2>Project:</h2>
C:\ARM_daily_changes\Major_Project_ARM_24_apr_upd\Major_proj_ARM.uvproj
Project File Date:  04/24/2025

<h2>Output:</h2>
Rebuild target 'Target 1'
assembling Startup.s...
compiling ADC.c...
compiling delay.c...
compiling esp01.c...
compiling UART_INT.c...
compiling lcd.c...
compiling keypad.c...
compiling rtc.c...
compiling main3.c...
linking...
Program Size: Code=12248 RO-data=52 RW-data=332 ZI-data=1260  
FromELF: creating hex file...
".\project_24k.axf" - 0 Error(s), 0 Warning(s).
