ARM Linker, 5.03 [Build 76] [MDK-ARM Lite]

==============================================================================

Section Cross References

    startup.o(STACK) refers (Special) to heapauxi.o(.text) for __use_two_region_memory
    startup.o(HEAP) refers (Special) to heapauxi.o(.text) for __use_two_region_memory
    startup.o(RESET) refers (Special) to heapauxi.o(.text) for __use_two_region_memory
    startup.o(RESET) refers to startup.o(STACK) for Stack_Top
    startup.o(RESET) refers to __main.o(!!!main) for __main
    startup.o(.text) refers (Special) to heapauxi.o(.text) for __use_two_region_memory
    startup.o(.text) refers to startup.o(HEAP) for Heap_Mem
    startup.o(.text) refers to startup.o(STACK) for Stack_Mem
    adc.o(.text) refers to delay.o(.text) for delay_us
    adc.o(.text) refers to dflt_noclz.o(x$fpl$dfltu) for __aeabi_ui2d
    adc.o(.text) refers to dmul.o(x$fpl$dmul) for __aeabi_dmul
    adc.o(.text) refers to ddiv.o(x$fpl$ddiv) for __aeabi_ddiv
    adc.o(.text) refers to d2f.o(x$fpl$d2f) for __aeabi_d2f
    adc.o(.text) refers to fmul.o(x$fpl$fmul) for __aeabi_fmul
    adc.o(.text) refers to ffix.o(x$fpl$ffix) for __aeabi_f2iz
    adc.o(.text) refers to adc.o(.data) for temp1
    esp01.o(.text) refers to _printf_percent.o(.ARM.Collect$$_printf_percent$$00000000) for _printf_percent
    esp01.o(.text) refers to _printf_d.o(.ARM.Collect$$_printf_percent$$00000009) for _printf_d
    esp01.o(.text) refers to _printf_dec.o(.text) for _printf_int_dec
    esp01.o(.text) refers to lcd.o(.text) for Write_CMD_LCD
    esp01.o(.text) refers to delay.o(.text) for delay_ms
    esp01.o(.text) refers to uart_int.o(.text) for UART0_Tx_str
    esp01.o(.text) refers to rt_memclr.o(.text) for __aeabi_memclr
    esp01.o(.text) refers to strstr.o(.text) for strstr
    esp01.o(.text) refers to uart_int.o(.data) for i
    esp01.o(.text) refers to __2sprintf.o(.text) for __2sprintf
    uart_int.o(.text) refers to aeabi_sdiv.o(.text_udiv) for __aeabi_uidivmod
    uart_int.o(.text) refers to ffix.o(x$fpl$ffix) for __aeabi_f2iz
    uart_int.o(.text) refers to fflt_noclz.o(x$fpl$fflt) for __aeabi_i2f
    uart_int.o(.text) refers to faddsub_noclz.o(x$fpl$frsb) for __aeabi_frsub
    uart_int.o(.text) refers to fmul.o(x$fpl$fmul) for __aeabi_fmul
    uart_int.o(.text) refers to uart_int.o(.data) for ch
    lcd.o(.text) refers to delay.o(.text) for delay_ms
    lcd.o(.text) refers to aeabi_sdiv.o(.text) for __aeabi_idivmod
    lcd.o(.text) refers to ffixu.o(x$fpl$ffixu) for __aeabi_f2uiz
    lcd.o(.text) refers to fmul.o(x$fpl$fmul) for __aeabi_fmul
    lcd.o(.text) refers to aeabi_sdiv.o(.text_udiv) for __aeabi_uidivmod
    keypad.o(.text) refers to lcd.o(.text) for Write_DAT_LCD
    keypad.o(.text) refers to aeabi_sdiv.o(.text) for __aeabi_idivmod
    keypad.o(.text) refers to keypad.o(.data) for row_val
    rtc.o(.text) refers to _printf_pad.o(.text) for _printf_pre_padding
    rtc.o(.text) refers to _printf_percent.o(.ARM.Collect$$_printf_percent$$00000000) for _printf_percent
    rtc.o(.text) refers to _printf_d.o(.ARM.Collect$$_printf_percent$$00000009) for _printf_d
    rtc.o(.text) refers to _printf_dec.o(.text) for _printf_int_dec
    rtc.o(.text) refers to lcd.o(.text) for SetCursor
    rtc.o(.text) refers to aeabi_sdiv.o(.text_udiv) for __aeabi_uidivmod
    rtc.o(.text) refers to keypad.o(.text) for KeyDetect
    rtc.o(.text) refers to delay.o(.text) for delay_ms
    rtc.o(.text) refers to rtc.o(.data) for week
    rtc.o(.text) refers to __2sprintf.o(.text) for __2sprintf
    rtc.o(.text) refers to aeabi_sdiv.o(.text) for __aeabi_idivmod
    rtc.o(.text) refers to main3.o(.data) for temp
    main3.o(.text) refers to lcd.o(.text) for Write_CMD_LCD
    main3.o(.text) refers to delay.o(.text) for delay_ms
    main3.o(.text) refers to rtc.o(.text) for edit
    main3.o(.text) refers to uart_int.o(.text) for Init_UART0
    main3.o(.text) refers to keypad.o(.text) for Init_KPM
    main3.o(.text) refers to adc.o(.text) for Init_ADC
    main3.o(.text) refers to esp01.o(.text) for esp01_connectAP
    main3.o(.text) refers to aeabi_sdiv.o(.text) for __aeabi_idivmod
    main3.o(.text) refers to main3.o(.data) for filled_zero
    __2sprintf.o(.text) refers to _printf_char_common.o(.text) for _printf_char_common
    __2sprintf.o(.text) refers to _sputc.o(.text) for _sputc
    noretval__2sprintf.o(.text) refers to _printf_char_common.o(.text) for _printf_char_common
    noretval__2sprintf.o(.text) refers to _sputc.o(.text) for _sputc
    __printf.o(.text) refers to __printf.o(i.__ARM_common_call_via_r1) for __ARM_common_call_via_r1
    __printf.o(.text) refers to _printf_percent.o(.ARM.Collect$$_printf_percent$$00000000) for _printf_percent
    __printf.o(.text) refers to __printf.o(i.__ARM_common_call_via_r2) for __ARM_common_call_via_r2
    _printf_pad.o(.text) refers to __printf.o(i.__ARM_common_call_via_r2) for __ARM_common_call_via_r2
    _printf_dec.o(.text) refers to rtudiv10.o(.text) for __rt_udiv10
    _printf_dec.o(.text) refers to _printf_intcommon.o(.text) for _printf_int_common
    __printf_flags.o(.text) refers to __printf.o(i.__ARM_common_call_via_r1) for __ARM_common_call_via_r1
    __printf_flags.o(.text) refers to _printf_percent.o(.ARM.Collect$$_printf_percent$$00000000) for _printf_percent
    __printf_flags.o(.text) refers to __printf.o(i.__ARM_common_call_via_r2) for __ARM_common_call_via_r2
    __printf_flags.o(.text) refers to __printf_flags.o(.constdata) for .constdata
    __printf_ss.o(.text) refers to __printf.o(i.__ARM_common_call_via_r1) for __ARM_common_call_via_r1
    __printf_ss.o(.text) refers to _printf_percent.o(.ARM.Collect$$_printf_percent$$00000000) for _printf_percent
    __printf_ss.o(.text) refers to __printf.o(i.__ARM_common_call_via_r2) for __ARM_common_call_via_r2
    __printf_flags_ss.o(.text) refers to __printf.o(i.__ARM_common_call_via_r1) for __ARM_common_call_via_r1
    __printf_flags_ss.o(.text) refers to _printf_percent.o(.ARM.Collect$$_printf_percent$$00000000) for _printf_percent
    __printf_flags_ss.o(.text) refers to __printf.o(i.__ARM_common_call_via_r2) for __ARM_common_call_via_r2
    __printf_flags_ss.o(.text) refers to __printf_flags_ss.o(.constdata) for .constdata
    __printf_wp.o(.text) refers to __printf.o(i.__ARM_common_call_via_r1) for __ARM_common_call_via_r1
    __printf_wp.o(.text) refers to __printf_wp.o(i._is_digit) for _is_digit
    __printf_wp.o(.text) refers to _printf_percent.o(.ARM.Collect$$_printf_percent$$00000000) for _printf_percent
    __printf_wp.o(.text) refers to __printf.o(i.__ARM_common_call_via_r2) for __ARM_common_call_via_r2
    __printf_flags_wp.o(.text) refers to __printf.o(i.__ARM_common_call_via_r1) for __ARM_common_call_via_r1
    __printf_flags_wp.o(.text) refers to __printf_wp.o(i._is_digit) for _is_digit
    __printf_flags_wp.o(.text) refers to _printf_percent.o(.ARM.Collect$$_printf_percent$$00000000) for _printf_percent
    __printf_flags_wp.o(.text) refers to __printf.o(i.__ARM_common_call_via_r2) for __ARM_common_call_via_r2
    __printf_flags_wp.o(.text) refers to __printf_flags_wp.o(.constdata) for .constdata
    __printf_ss_wp.o(.text) refers to __printf.o(i.__ARM_common_call_via_r1) for __ARM_common_call_via_r1
    __printf_ss_wp.o(.text) refers to __printf_wp.o(i._is_digit) for _is_digit
    __printf_ss_wp.o(.text) refers to _printf_percent.o(.ARM.Collect$$_printf_percent$$00000000) for _printf_percent
    __printf_ss_wp.o(.text) refers to __printf.o(i.__ARM_common_call_via_r2) for __ARM_common_call_via_r2
    __printf_flags_ss_wp.o(.text) refers to __printf.o(i.__ARM_common_call_via_r1) for __ARM_common_call_via_r1
    __printf_flags_ss_wp.o(.text) refers to __printf_wp.o(i._is_digit) for _is_digit
    __printf_flags_ss_wp.o(.text) refers to _printf_percent.o(.ARM.Collect$$_printf_percent$$00000000) for _printf_percent
    __printf_flags_ss_wp.o(.text) refers to __printf.o(i.__ARM_common_call_via_r2) for __ARM_common_call_via_r2
    __printf_flags_ss_wp.o(.text) refers to __printf_flags_ss_wp.o(.constdata) for .constdata
    _printf_d.o(.ARM.Collect$$_printf_percent$$00000009) refers (Weak) to _printf_dec.o(.text) for _printf_int_dec
    _printf_percent.o(.ARM.Collect$$_printf_percent$$00000000) refers (Special) to _printf_percent_end.o(.ARM.Collect$$_printf_percent$$00000017) for _printf_percent_end
    rt_memclr.o(.text) refers to rt_memclr_w.o(.text) for _memset_w
    aeabi_sdiv.o(.text_udiv) refers to aeabi_sdiv.o(.text) for __arm_div2
    aeabi_sdiv_div0.o(.text_udiv) refers to aeabi_sdiv_div0.o(.text) for __arm_div2
    __main.o(!!!main) refers to rtentry.o(.ARM.Collect$$rtentry$$00000000) for __rt_entry
    d2f.o(x$fpl$d2f) refers (Special) to usenofp.o(x$fpl$usenofp) for __I$use$fp
    d2f.o(x$fpl$d2f) refers to fretinf.o(x$fpl$fretinf) for __fpl_fretinf
    d2f.o(x$fpl$d2f) refers to dnaninf.o(x$fpl$dnaninf) for __fpl_dnaninf
    ddiv.o(x$fpl$drdiv) refers (Special) to usenofp.o(x$fpl$usenofp) for __I$use$fp
    ddiv.o(x$fpl$drdiv) refers to ddiv.o(x$fpl$ddiv) for ddiv_entry
    ddiv.o(x$fpl$ddiv) refers (Special) to usenofp.o(x$fpl$usenofp) for __I$use$fp
    ddiv.o(x$fpl$ddiv) refers to dretinf.o(x$fpl$dretinf) for __fpl_dretinf
    ddiv.o(x$fpl$ddiv) refers to dnaninf.o(x$fpl$dnaninf) for __fpl_dnaninf
    dflt_noclz.o(x$fpl$dfltu) refers (Special) to usenofp.o(x$fpl$usenofp) for __I$use$fp
    dflt_noclz.o(x$fpl$dfltu) refers to dflt_noclz.o(x$fpl$dflt) for __dflt_normalise
    dflt_noclz.o(x$fpl$dflt) refers (Special) to usenofp.o(x$fpl$usenofp) for __I$use$fp
    dmul.o(x$fpl$dmul) refers (Special) to usenofp.o(x$fpl$usenofp) for __I$use$fp
    dmul.o(x$fpl$dmul) refers to dretinf.o(x$fpl$dretinf) for __fpl_dretinf
    dmul.o(x$fpl$dmul) refers to dnaninf.o(x$fpl$dnaninf) for __fpl_dnaninf
    faddsub_noclz.o(x$fpl$fadd) refers (Special) to usenofp.o(x$fpl$usenofp) for __I$use$fp
    faddsub_noclz.o(x$fpl$fadd) refers to faddsub_noclz.o(x$fpl$fsub) for _fsub1
    faddsub_noclz.o(x$fpl$fadd) refers to fretinf.o(x$fpl$fretinf) for __fpl_fretinf
    faddsub_noclz.o(x$fpl$fadd) refers to fnaninf.o(x$fpl$fnaninf) for __fpl_fnaninf
    faddsub_noclz.o(x$fpl$frsb) refers (Special) to usenofp.o(x$fpl$usenofp) for __I$use$fp
    faddsub_noclz.o(x$fpl$frsb) refers to faddsub_noclz.o(x$fpl$fadd) for _fadd1
    faddsub_noclz.o(x$fpl$frsb) refers to faddsub_noclz.o(x$fpl$fsub) for _fsub1
    faddsub_noclz.o(x$fpl$fsub) refers (Special) to usenofp.o(x$fpl$usenofp) for __I$use$fp
    faddsub_noclz.o(x$fpl$fsub) refers to faddsub_noclz.o(x$fpl$fadd) for _fadd1
    faddsub_noclz.o(x$fpl$fsub) refers to fnaninf.o(x$fpl$fnaninf) for __fpl_fnaninf
    ffix.o(x$fpl$ffix) refers (Special) to usenofp.o(x$fpl$usenofp) for __I$use$fp
    ffix.o(x$fpl$ffix) refers to fnaninf.o(x$fpl$fnaninf) for __fpl_fnaninf
    ffix.o(x$fpl$ffixr) refers (Special) to usenofp.o(x$fpl$usenofp) for __I$use$fp
    ffix.o(x$fpl$ffixr) refers to fnaninf.o(x$fpl$fnaninf) for __fpl_fnaninf
    ffixu.o(x$fpl$ffixu) refers (Special) to usenofp.o(x$fpl$usenofp) for __I$use$fp
    ffixu.o(x$fpl$ffixu) refers to fnaninf.o(x$fpl$fnaninf) for __fpl_fnaninf
    ffixu.o(x$fpl$ffixur) refers (Special) to usenofp.o(x$fpl$usenofp) for __I$use$fp
    ffixu.o(x$fpl$ffixur) refers to fnaninf.o(x$fpl$fnaninf) for __fpl_fnaninf
    fflt_noclz.o(x$fpl$ffltu) refers (Special) to usenofp.o(x$fpl$usenofp) for __I$use$fp
    fflt_noclz.o(x$fpl$ffltu) refers to fflt_noclz.o(x$fpl$fflt) for __fflt_normalise
    fflt_noclz.o(x$fpl$fflt) refers (Special) to usenofp.o(x$fpl$usenofp) for __I$use$fp
    fmul.o(x$fpl$fmul) refers (Special) to usenofp.o(x$fpl$usenofp) for __I$use$fp
    fmul.o(x$fpl$fmul) refers to fretinf.o(x$fpl$fretinf) for __fpl_fretinf
    fmul.o(x$fpl$fmul) refers to fnaninf.o(x$fpl$fnaninf) for __fpl_fnaninf
    rtentry.o(.ARM.Collect$$rtentry$$00000000) refers (Special) to rtentry2.o(.ARM.Collect$$rtentry$$0000000A) for __rt_entry_li
    rtentry.o(.ARM.Collect$$rtentry$$00000000) refers (Special) to rtentry2.o(.ARM.Collect$$rtentry$$0000000D) for __rt_entry_main
    rtentry.o(.ARM.Collect$$rtentry$$00000000) refers (Special) to rtentry2.o(.ARM.Collect$$rtentry$$0000000C) for __rt_entry_postli_1
    rtentry.o(.ARM.Collect$$rtentry$$00000000) refers (Special) to rtentry2.o(.ARM.Collect$$rtentry$$00000009) for __rt_entry_postsh_1
    rtentry.o(.ARM.Collect$$rtentry$$00000000) refers (Special) to rtentry2.o(.ARM.Collect$$rtentry$$00000002) for __rt_entry_presh_1
    rtentry.o(.ARM.Collect$$rtentry$$00000000) refers (Special) to rtentry4.o(.ARM.Collect$$rtentry$$00000004) for __rt_entry_sh
    aeabi_idiv0_sigfpe.o(.text) refers to rt_div0.o(.text) for __rt_div0
    _printf_intcommon.o(.text) refers (Weak) to _printf_pad.o(.text) for _printf_pre_padding
    _printf_intcommon.o(.text) refers to __printf.o(i.__ARM_common_call_via_r2) for __ARM_common_call_via_r2
    _printf_intcommon.o(.text) refers (Weak) to _printf_pad.o(.text) for _printf_pre_padding
    _printf_intcommon.o(.text) refers (Weak) to _printf_pad.o(.text) for _printf_post_padding
    _printf_char_common.o(.text) refers to __printf_flags_wp.o(.text) for __printf
    dnaninf.o(x$fpl$dnaninf) refers (Special) to usenofp.o(x$fpl$usenofp) for __I$use$fp
    dretinf.o(x$fpl$dretinf) refers (Special) to usenofp.o(x$fpl$usenofp) for __I$use$fp
    fnaninf.o(x$fpl$fnaninf) refers (Special) to usenofp.o(x$fpl$usenofp) for __I$use$fp
    fretinf.o(x$fpl$fretinf) refers (Special) to usenofp.o(x$fpl$usenofp) for __I$use$fp
    rtentry2.o(.ARM.Collect$$rtentry$$00000008) refers to boardinit2.o(.text) for _platform_post_stackheap_init
    rtentry2.o(.ARM.Collect$$rtentry$$0000000A) refers to libinit.o(.ARM.Collect$$libinit$$00000000) for __rt_lib_init
    rtentry2.o(.ARM.Collect$$rtentry$$0000000B) refers to boardinit3.o(.text) for _platform_post_lib_init
    rtentry2.o(.ARM.Collect$$rtentry$$0000000D) refers to exit.o(.text) for exit
    rtentry2.o(.ARM.Collect$$rtentry$$0000000D) refers to main3.o(.text) for main
    rtentry2.o(.ARM.exidx) refers to rtentry2.o(.ARM.Collect$$rtentry$$00000001) for .ARM.Collect$$rtentry$$00000001
    rtentry2.o(.ARM.exidx) refers to rtentry2.o(.ARM.Collect$$rtentry$$00000008) for .ARM.Collect$$rtentry$$00000008
    rtentry2.o(.ARM.exidx) refers to rtentry2.o(.ARM.Collect$$rtentry$$0000000A) for .ARM.Collect$$rtentry$$0000000A
    rtentry2.o(.ARM.exidx) refers to rtentry2.o(.ARM.Collect$$rtentry$$0000000B) for .ARM.Collect$$rtentry$$0000000B
    rtentry2.o(.ARM.exidx) refers to rtentry2.o(.ARM.Collect$$rtentry$$0000000D) for .ARM.Collect$$rtentry$$0000000D
    rtentry4.o(.ARM.Collect$$rtentry$$00000004) refers to sys_stackheap_outer.o(.text) for __user_setup_stackheap
    rtentry4.o(.ARM.exidx) refers to rtentry4.o(.ARM.Collect$$rtentry$$00000004) for .ARM.Collect$$rtentry$$00000004
    rt_div0.o(.text) refers to defsig_fpe_outer.o(.text) for __rt_SIGFPE
    __printf_nopercent.o(.text) refers to __printf_nopercent.o(i.__ARM_common_call_via_r7) for __ARM_common_call_via_r7
    __printf_nopercent.o(.text) refers to __printf_nopercent.o(i.__ARM_common_call_via_r5) for __ARM_common_call_via_r5
    sys_stackheap_outer.o(.text) refers to libspace.o(.text) for __user_perproc_libspace
    sys_stackheap_outer.o(.text) refers to startup.o(.text) for __user_initial_stackheap
    exit.o(.text) refers to rtexit.o(.ARM.Collect$$rtexit$$00000000) for __rt_exit
    defsig_fpe_outer.o(.text) refers to defsig_fpe_inner.o(.text) for __rt_SIGFPE_inner
    defsig_fpe_outer.o(.text) refers to defsig_exit.o(.text) for __sig_exit
    defsig_fpe_formal.o(.text) refers to rt_raise.o(.text) for __rt_raise
    libinit.o(.ARM.Collect$$libinit$$00000000) refers (Special) to libinit2.o(.ARM.Collect$$libinit$$0000002C) for __rt_lib_init_alloca_1
    libinit.o(.ARM.Collect$$libinit$$00000000) refers (Special) to libinit2.o(.ARM.Collect$$libinit$$0000002A) for __rt_lib_init_argv_1
    libinit.o(.ARM.Collect$$libinit$$00000000) refers (Special) to libinit2.o(.ARM.Collect$$libinit$$00000019) for __rt_lib_init_atexit_1
    libinit.o(.ARM.Collect$$libinit$$00000000) refers (Special) to libinit2.o(.ARM.Collect$$libinit$$0000001F) for __rt_lib_init_clock_1
    libinit.o(.ARM.Collect$$libinit$$00000000) refers (Special) to libinit2.o(.ARM.Collect$$libinit$$00000030) for __rt_lib_init_cpp_1
    libinit.o(.ARM.Collect$$libinit$$00000000) refers (Special) to libinit2.o(.ARM.Collect$$libinit$$0000002E) for __rt_lib_init_exceptions_1
    libinit.o(.ARM.Collect$$libinit$$00000000) refers (Special) to libinit2.o(.ARM.Collect$$libinit$$00000002) for __rt_lib_init_fp_1
    libinit.o(.ARM.Collect$$libinit$$00000000) refers (Special) to libinit2.o(.ARM.Collect$$libinit$$0000001D) for __rt_lib_init_fp_trap_1
    libinit.o(.ARM.Collect$$libinit$$00000000) refers (Special) to libinit2.o(.ARM.Collect$$libinit$$00000021) for __rt_lib_init_getenv_1
    libinit.o(.ARM.Collect$$libinit$$00000000) refers (Special) to libinit2.o(.ARM.Collect$$libinit$$00000008) for __rt_lib_init_heap_1
    libinit.o(.ARM.Collect$$libinit$$00000000) refers (Special) to libinit2.o(.ARM.Collect$$libinit$$0000000F) for __rt_lib_init_lc_collate_1
    libinit.o(.ARM.Collect$$libinit$$00000000) refers (Special) to libinit2.o(.ARM.Collect$$libinit$$00000011) for __rt_lib_init_lc_ctype_1
    libinit.o(.ARM.Collect$$libinit$$00000000) refers (Special) to libinit2.o(.ARM.Collect$$libinit$$00000013) for __rt_lib_init_lc_monetary_1
    libinit.o(.ARM.Collect$$libinit$$00000000) refers (Special) to libinit2.o(.ARM.Collect$$libinit$$00000015) for __rt_lib_init_lc_numeric_1
    libinit.o(.ARM.Collect$$libinit$$00000000) refers (Special) to libinit2.o(.ARM.Collect$$libinit$$00000017) for __rt_lib_init_lc_time_1
    libinit.o(.ARM.Collect$$libinit$$00000000) refers (Special) to libinit2.o(.ARM.Collect$$libinit$$0000000C) for __rt_lib_init_rand_1
    libinit.o(.ARM.Collect$$libinit$$00000000) refers (Special) to libinit2.o(.ARM.Collect$$libinit$$00000031) for __rt_lib_init_return
    libinit.o(.ARM.Collect$$libinit$$00000000) refers (Special) to libinit2.o(.ARM.Collect$$libinit$$0000001B) for __rt_lib_init_signal_1
    libinit.o(.ARM.Collect$$libinit$$00000000) refers (Special) to libinit2.o(.ARM.Collect$$libinit$$00000023) for __rt_lib_init_stdio_1
    libinit.o(.ARM.Collect$$libinit$$00000000) refers (Special) to libinit2.o(.ARM.Collect$$libinit$$0000000A) for __rt_lib_init_user_alloc_1
    libspace.o(.text) refers to libspace.o(.bss) for __libspace_start
    rtexit.o(.ARM.Collect$$rtexit$$00000000) refers (Special) to rtexit2.o(.ARM.Collect$$rtexit$$00000004) for __rt_exit_exit
    rtexit.o(.ARM.Collect$$rtexit$$00000000) refers (Special) to rtexit2.o(.ARM.Collect$$rtexit$$00000003) for __rt_exit_ls
    rtexit.o(.ARM.Collect$$rtexit$$00000000) refers (Special) to rtexit2.o(.ARM.Collect$$rtexit$$00000002) for __rt_exit_prels_1
    rtexit.o(.ARM.exidx) refers (Special) to rtexit2.o(.ARM.Collect$$rtexit$$00000004) for __rt_exit_exit
    rtexit.o(.ARM.exidx) refers (Special) to rtexit2.o(.ARM.Collect$$rtexit$$00000003) for __rt_exit_ls
    rtexit.o(.ARM.exidx) refers (Special) to rtexit2.o(.ARM.Collect$$rtexit$$00000002) for __rt_exit_prels_1
    rtexit.o(.ARM.exidx) refers to rtexit.o(.ARM.Collect$$rtexit$$00000000) for .ARM.Collect$$rtexit$$00000000
    rt_raise.o(.text) refers to __raise.o(.text) for __raise
    rt_raise.o(.text) refers to sys_exit.o(.text) for _sys_exit
    defsig_exit.o(.text) refers to sys_exit.o(.text) for _sys_exit
    defsig_fpe_inner.o(.text) refers to defsig_general.o(.text) for __default_signal_display
    libinit2.o(.ARM.Collect$$libinit$$00000001) refers to fpinit.o(x$fpl$fpinit) for _fp_init
    libinit2.o(.ARM.Collect$$libinit$$0000000E) refers to libinit2.o(.ARM.Collect$$libinit$$0000000D) for .ARM.Collect$$libinit$$0000000D
    libinit2.o(.ARM.Collect$$libinit$$00000010) refers to libinit2.o(.ARM.Collect$$libinit$$0000000D) for .ARM.Collect$$libinit$$0000000D
    libinit2.o(.ARM.Collect$$libinit$$00000012) refers to libinit2.o(.ARM.Collect$$libinit$$0000000D) for .ARM.Collect$$libinit$$0000000D
    libinit2.o(.ARM.Collect$$libinit$$00000014) refers to libinit2.o(.ARM.Collect$$libinit$$0000000D) for .ARM.Collect$$libinit$$0000000D
    libinit2.o(.ARM.Collect$$libinit$$00000016) refers to libinit2.o(.ARM.Collect$$libinit$$0000000D) for .ARM.Collect$$libinit$$0000000D
    libinit2.o(.ARM.Collect$$libinit$$00000024) refers to argv_veneer.o(.emb_text) for __ARM_argv_veneer
    libinit2.o(.ARM.Collect$$libinit$$00000025) refers to argv_veneer.o(.emb_text) for __ARM_argv_veneer
    sys_exit.o(.text) refers (Special) to use_no_semi.o(.text) for __I$use$semihosting
    sys_exit.o(.text) refers (Special) to indicate_semi.o(.text) for __semihosting_library_function
    rtexit2.o(.ARM.Collect$$rtexit$$00000003) refers to libshutdown.o(.ARM.Collect$$libshutdown$$00000000) for __rt_lib_shutdown
    rtexit2.o(.ARM.Collect$$rtexit$$00000004) refers to sys_exit.o(.text) for _sys_exit
    rtexit2.o(.ARM.exidx) refers to rtexit2.o(.ARM.Collect$$rtexit$$00000001) for .ARM.Collect$$rtexit$$00000001
    rtexit2.o(.ARM.exidx) refers to rtexit2.o(.ARM.Collect$$rtexit$$00000003) for .ARM.Collect$$rtexit$$00000003
    rtexit2.o(.ARM.exidx) refers to rtexit2.o(.ARM.Collect$$rtexit$$00000004) for .ARM.Collect$$rtexit$$00000004
    __raise.o(.text) refers to __printf.o(i.__ARM_common_call_via_r2) for __ARM_common_call_via_r2
    __raise.o(.text) refers to defsig.o(CL$$defsig) for __default_signal_handler
    defsig_general.o(.text) refers to sys_wrch.o(.text) for _ttywrch
    argv_veneer.o(.emb_text) refers to no_argv.o(.text) for __ARM_get_argv
    sys_wrch.o(.text) refers (Special) to use_no_semi.o(.text) for __I$use$semihosting
    sys_wrch.o(.text) refers (Special) to indicate_semi.o(.text) for __semihosting_library_function
    defsig.o(CL$$defsig) refers to defsig_fpe_inner.o(.text) for __rt_SIGFPE_inner
    defsig.o(CL$$defsig) refers to defsig_rtmem_inner.o(.text) for __rt_SIGRTMEM_inner
    _get_argv_nomalloc.o(.text) refers (Special) to hrguard.o(.text) for __heap_region$guard
    _get_argv_nomalloc.o(.text) refers to defsig_rtmem_outer.o(.text) for __rt_SIGRTMEM
    _get_argv_nomalloc.o(.text) refers to sys_command.o(.text) for _sys_command_string
    libshutdown.o(.ARM.Collect$$libshutdown$$00000000) refers (Special) to libshutdown2.o(.ARM.Collect$$libshutdown$$00000006) for __rt_lib_shutdown_fp_trap_1
    libshutdown.o(.ARM.Collect$$libshutdown$$00000000) refers (Special) to libshutdown2.o(.ARM.Collect$$libshutdown$$0000000E) for __rt_lib_shutdown_heap_1
    libshutdown.o(.ARM.Collect$$libshutdown$$00000000) refers (Special) to libshutdown2.o(.ARM.Collect$$libshutdown$$0000000F) for __rt_lib_shutdown_return
    libshutdown.o(.ARM.Collect$$libshutdown$$00000000) refers (Special) to libshutdown2.o(.ARM.Collect$$libshutdown$$00000009) for __rt_lib_shutdown_signal_1
    libshutdown.o(.ARM.Collect$$libshutdown$$00000000) refers (Special) to libshutdown2.o(.ARM.Collect$$libshutdown$$00000003) for __rt_lib_shutdown_stdio_1
    libshutdown.o(.ARM.Collect$$libshutdown$$00000000) refers (Special) to libshutdown2.o(.ARM.Collect$$libshutdown$$0000000B) for __rt_lib_shutdown_user_alloc_1
    sys_command.o(.text) refers (Special) to use_no_semi.o(.text) for __I$use$semihosting
    sys_command.o(.text) refers (Special) to indicate_semi.o(.text) for __semihosting_library_function
    defsig_abrt_inner.o(.text) refers to defsig_general.o(.text) for __default_signal_display
    defsig_rtred_inner.o(.text) refers to defsig_general.o(.text) for __default_signal_display
    defsig_rtmem_inner.o(.text) refers to defsig_general.o(.text) for __default_signal_display
    defsig_rtmem_outer.o(.text) refers to defsig_rtmem_inner.o(.text) for __rt_SIGRTMEM_inner
    defsig_rtmem_outer.o(.text) refers to defsig_exit.o(.text) for __sig_exit
    defsig_rtmem_formal.o(.text) refers to rt_raise.o(.text) for __rt_raise
    defsig_stak_inner.o(.text) refers to defsig_general.o(.text) for __default_signal_display
    defsig_pvfn_inner.o(.text) refers to defsig_general.o(.text) for __default_signal_display
    defsig_cppl_inner.o(.text) refers to defsig_general.o(.text) for __default_signal_display
    defsig_segv_inner.o(.text) refers to defsig_general.o(.text) for __default_signal_display
    defsig_other.o(.text) refers to defsig_general.o(.text) for __default_signal_display


==============================================================================

Adding Veneers to the image

    Adding TA veneer (4 bytes, Inline) for call to '_printf_percent' from __printf_flags_wp.o(.text).
    Adding AT veneer (8 bytes, Inline) for call to '__rt_lib_init' from rtentry2.o(.ARM.Collect$$rtentry$$0000000A).
    Adding AT veneer (8 bytes, Inline) for call to '__rt_lib_shutdown' from rtexit2.o(.ARM.Collect$$rtexit$$00000003).
    Adding TA veneer (4 bytes, Inline) for call to '__rt_exit' from exit.o(.text).
    Adding AT veneer (8 bytes, Inline) for call to '__2sprintf' from esp01.o(.text).
    Adding AT veneer (8 bytes, Inline) for call to '_printf_int_dec' from _printf_d.o(.ARM.Collect$$_printf_percent$$00000009).
    Adding AT veneer (8 bytes, Inline) for call to 'strstr' from esp01.o(.text).
    Adding TA veneer (4 bytes, Inline) for call to '__rt_udiv10' from _printf_dec.o(.text).
    Adding AT veneer (8 bytes, Inline) for call to '_sys_exit' from rtexit2.o(.ARM.Collect$$rtexit$$00000004).

9 Veneer(s) (total 60 bytes) added to the image.

==============================================================================

Image Symbol Table

    Local Symbols

    Symbol Name                              Value     Ov Type        Size  Object(Section)

    RESET                                    0x00000000   Section      272  startup.o(RESET)
    ../clib/angel/boardlib.s                 0x00000000   Number         0  boardshut.o ABSOLUTE
    ../clib/angel/boardlib.s                 0x00000000   Number         0  boardinit3.o ABSOLUTE
    ../clib/angel/boardlib.s                 0x00000000   Number         0  boardinit1.o ABSOLUTE
    ../clib/angel/boardlib.s                 0x00000000   Number         0  boardinit2.o ABSOLUTE
    ../clib/angel/dczerorl2.s                0x00000000   Number         0  __dczerorl2.o ABSOLUTE
    ../clib/angel/handlers.s                 0x00000000   Number         0  __scatter_zi.o ABSOLUTE
    ../clib/angel/kernel.s                   0x00000000   Number         0  rtexit.o ABSOLUTE
    ../clib/angel/kernel.s                   0x00000000   Number         0  rtexit2.o ABSOLUTE
    ../clib/angel/kernel.s                   0x00000000   Number         0  rtentry.o ABSOLUTE
    ../clib/angel/kernel.s                   0x00000000   Number         0  rtentry2.o ABSOLUTE
    ../clib/angel/kernel.s                   0x00000000   Number         0  rtentry4.o ABSOLUTE
    ../clib/angel/rt.s                       0x00000000   Number         0  rt_div0.o ABSOLUTE
    ../clib/angel/rt.s                       0x00000000   Number         0  rt_raise.o ABSOLUTE
    ../clib/angel/rt.s                       0x00000000   Number         0  aeabi_idiv0_sigfpe.o ABSOLUTE
    ../clib/angel/rt.s                       0x00000000   Number         0  aeabi_idiv0.o ABSOLUTE
    ../clib/angel/scatter.s                  0x00000000   Number         0  __scatter.o ABSOLUTE
    ../clib/angel/startup.s                  0x00000000   Number         0  __main.o ABSOLUTE
    ../clib/angel/sys.s                      0x00000000   Number         0  sys_stackheap_outer.o ABSOLUTE
    ../clib/angel/sys.s                      0x00000000   Number         0  libspace.o ABSOLUTE
    ../clib/angel/sys.s                      0x00000000   Number         0  indicate_semi.o ABSOLUTE
    ../clib/angel/sys.s                      0x00000000   Number         0  use_no_semi.o ABSOLUTE
    ../clib/angel/sysapp.c                   0x00000000   Number         0  sys_command.o ABSOLUTE
    ../clib/angel/sysapp.c                   0x00000000   Number         0  sys_exit.o ABSOLUTE
    ../clib/angel/sysapp.c                   0x00000000   Number         0  sys_wrch.o ABSOLUTE
    ../clib/armsys.c                         0x00000000   Number         0  argv_veneer.o ABSOLUTE
    ../clib/armsys.c                         0x00000000   Number         0  _get_argv_nomalloc.o ABSOLUTE
    ../clib/armsys.c                         0x00000000   Number         0  argv_veneer.o ABSOLUTE
    ../clib/armsys.c                         0x00000000   Number         0  no_argv.o ABSOLUTE
    ../clib/division.s                       0x00000000   Number         0  aeabi_sdiv_div0.o ABSOLUTE
    ../clib/division.s                       0x00000000   Number         0  aeabi_sdiv.o ABSOLUTE
    ../clib/division.s                       0x00000000   Number         0  rtudiv10.o ABSOLUTE
    ../clib/divrt.s                          0x00000000   Number         0  divrt_7tdmi.o ABSOLUTE
    ../clib/divrt.s                          0x00000000   Number         0  divrt_7tdmi_div0.o ABSOLUTE
    ../clib/heapalloc.c                      0x00000000   Number         0  hrguard.o ABSOLUTE
    ../clib/heapaux.c                        0x00000000   Number         0  heapauxi.o ABSOLUTE
    ../clib/libinit.s                        0x00000000   Number         0  libinit.o ABSOLUTE
    ../clib/libinit.s                        0x00000000   Number         0  libinit2.o ABSOLUTE
    ../clib/libinit.s                        0x00000000   Number         0  libshutdown2.o ABSOLUTE
    ../clib/libinit.s                        0x00000000   Number         0  libshutdown.o ABSOLUTE
    ../clib/memcpset.s                       0x00000000   Number         0  rt_memclr_w.o ABSOLUTE
    ../clib/memcpset.s                       0x00000000   Number         0  rt_memclr.o ABSOLUTE
    ../clib/misc.s                           0x00000000   Number         0  printf_stubs.o ABSOLUTE
    ../clib/printf.c                         0x00000000   Number         0  __printf_flags_wp.o ABSOLUTE
    ../clib/printf.c                         0x00000000   Number         0  __printf_ss_wp.o ABSOLUTE
    ../clib/printf.c                         0x00000000   Number         0  __printf_flags_ss_wp.o ABSOLUTE
    ../clib/printf.c                         0x00000000   Number         0  _printf_intcommon.o ABSOLUTE
    ../clib/printf.c                         0x00000000   Number         0  __printf_ss.o ABSOLUTE
    ../clib/printf.c                         0x00000000   Number         0  __printf_nopercent.o ABSOLUTE
    ../clib/printf.c                         0x00000000   Number         0  _printf_char_common.o ABSOLUTE
    ../clib/printf.c                         0x00000000   Number         0  _sputc.o ABSOLUTE
    ../clib/printf.c                         0x00000000   Number         0  __2sprintf.o ABSOLUTE
    ../clib/printf.c                         0x00000000   Number         0  noretval__2sprintf.o ABSOLUTE
    ../clib/printf.c                         0x00000000   Number         0  __printf.o ABSOLUTE
    ../clib/printf.c                         0x00000000   Number         0  _printf_pad.o ABSOLUTE
    ../clib/printf.c                         0x00000000   Number         0  _printf_dec.o ABSOLUTE
    ../clib/printf.c                         0x00000000   Number         0  __printf_flags.o ABSOLUTE
    ../clib/printf.c                         0x00000000   Number         0  __printf_flags_ss.o ABSOLUTE
    ../clib/printf.c                         0x00000000   Number         0  __printf_wp.o ABSOLUTE
    ../clib/printf_percent.s                 0x00000000   Number         0  _printf_d.o ABSOLUTE
    ../clib/printf_percent.s                 0x00000000   Number         0  _printf_percent.o ABSOLUTE
    ../clib/printf_percent.s                 0x00000000   Number         0  _printf_percent_end.o ABSOLUTE
    ../clib/signal.c                         0x00000000   Number         0  defsig_rtmem_outer.o ABSOLUTE
    ../clib/signal.c                         0x00000000   Number         0  defsig_exit.o ABSOLUTE
    ../clib/signal.c                         0x00000000   Number         0  defsig_pvfn_inner.o ABSOLUTE
    ../clib/signal.c                         0x00000000   Number         0  defsig_fpe_outer.o ABSOLUTE
    ../clib/signal.c                         0x00000000   Number         0  defsig_cppl_inner.o ABSOLUTE
    ../clib/signal.c                         0x00000000   Number         0  defsig_fpe_formal.o ABSOLUTE
    ../clib/signal.c                         0x00000000   Number         0  defsig_segv_inner.o ABSOLUTE
    ../clib/signal.c                         0x00000000   Number         0  defsig_general.o ABSOLUTE
    ../clib/signal.c                         0x00000000   Number         0  defsig_rtred_inner.o ABSOLUTE
    ../clib/signal.c                         0x00000000   Number         0  defsig_rtmem_inner.o ABSOLUTE
    ../clib/signal.c                         0x00000000   Number         0  defsig_rtmem_formal.o ABSOLUTE
    ../clib/signal.c                         0x00000000   Number         0  defsig_fpe_inner.o ABSOLUTE
    ../clib/signal.c                         0x00000000   Number         0  defsig_stak_inner.o ABSOLUTE
    ../clib/signal.c                         0x00000000   Number         0  defsig_abrt_inner.o ABSOLUTE
    ../clib/signal.c                         0x00000000   Number         0  defsig_other.o ABSOLUTE
    ../clib/signal.c                         0x00000000   Number         0  __raise.o ABSOLUTE
    ../clib/signal.s                         0x00000000   Number         0  defsig.o ABSOLUTE
    ../clib/stdlib.c                         0x00000000   Number         0  exit.o ABSOLUTE
    ../clib/string.c                         0x00000000   Number         0  strstr.o ABSOLUTE
    ../fplib/d2f.s                           0x00000000   Number         0  d2f.o ABSOLUTE
    ../fplib/ddiv.s                          0x00000000   Number         0  ddiv.o ABSOLUTE
    ../fplib/dflt.s                          0x00000000   Number         0  dflt_noclz.o ABSOLUTE
    ../fplib/dmul.s                          0x00000000   Number         0  dmul.o ABSOLUTE
    ../fplib/dnaninf.s                       0x00000000   Number         0  dnaninf.o ABSOLUTE
    ../fplib/dretinf.s                       0x00000000   Number         0  dretinf.o ABSOLUTE
    ../fplib/faddsub.s                       0x00000000   Number         0  faddsub_noclz.o ABSOLUTE
    ../fplib/ffix.s                          0x00000000   Number         0  ffix.o ABSOLUTE
    ../fplib/ffixu.s                         0x00000000   Number         0  ffixu.o ABSOLUTE
    ../fplib/fflt.s                          0x00000000   Number         0  fflt_noclz.o ABSOLUTE
    ../fplib/fmul.s                          0x00000000   Number         0  fmul.o ABSOLUTE
    ../fplib/fnaninf.s                       0x00000000   Number         0  fnaninf.o ABSOLUTE
    ../fplib/fpinit.s                        0x00000000   Number         0  fpinit.o ABSOLUTE
    ../fplib/fretinf.s                       0x00000000   Number         0  fretinf.o ABSOLUTE
    ../fplib/usenofp.s                       0x00000000   Number         0  usenofp.o ABSOLUTE
    ADC.c                                    0x00000000   Number         0  adc.o ABSOLUTE
    Startup.s                                0x00000000   Number         0  startup.o ABSOLUTE
    UART_INT.c                               0x00000000   Number         0  uart_int.o ABSOLUTE
    dc.s                                     0x00000000   Number         0  dc.o ABSOLUTE
    delay.c                                  0x00000000   Number         0  delay.o ABSOLUTE
    esp01.c                                  0x00000000   Number         0  esp01.o ABSOLUTE
    keypad.c                                 0x00000000   Number         0  keypad.o ABSOLUTE
    lcd.c                                    0x00000000   Number         0  lcd.o ABSOLUTE
    main3.c                                  0x00000000   Number         0  main3.o ABSOLUTE
    rtc.c                                    0x00000000   Number         0  rtc.o ABSOLUTE
    Undef_Handler                            0x00000040   ARM Code       4  startup.o(RESET)
    SWI_Handler                              0x00000044   ARM Code       4  startup.o(RESET)
    PAbt_Handler                             0x00000048   ARM Code       4  startup.o(RESET)
    DAbt_Handler                             0x0000004c   ARM Code       4  startup.o(RESET)
    IRQ_Handler                              0x00000050   ARM Code       4  startup.o(RESET)
    FIQ_Handler                              0x00000054   ARM Code       4  startup.o(RESET)
    !!!main                                  0x00000110   Section        8  __main.o(!!!main)
    !!!scatter                               0x00000118   Section       60  __scatter.o(!!!scatter)
    !!dczerorl2                              0x00000154   Section       92  __dczerorl2.o(!!dczerorl2)
    _decompress_loop                         0x0000015f   Thumb Code     0  __dczerorl2.o(!!dczerorl2)
    _decompress_zerolen                      0x0000016d   Thumb Code     0  __dczerorl2.o(!!dczerorl2)
    _decompress_litn                         0x00000175   Thumb Code     0  __dczerorl2.o(!!dczerorl2)
    _decompress_lit                          0x00000179   Thumb Code     0  __dczerorl2.o(!!dczerorl2)
    _decompress_copyorzero                   0x00000185   Thumb Code     0  __dczerorl2.o(!!dczerorl2)
    _decompress_zero                         0x0000018d   Thumb Code     0  __dczerorl2.o(!!dczerorl2)
    _decompress_copyn                        0x00000197   Thumb Code     0  __dczerorl2.o(!!dczerorl2)
    _decompress_copy                         0x0000019f   Thumb Code     0  __dczerorl2.o(!!dczerorl2)
    _decompress_end                          0x000001ab   Thumb Code     0  __dczerorl2.o(!!dczerorl2)
    !!handler_zi                             0x000001b0   Section       44  __scatter_zi.o(!!handler_zi)
    .ARM.Collect$$_printf_percent$$00000000  0x000001e0   Section        0  _printf_percent.o(.ARM.Collect$$_printf_percent$$00000000)
    .ARM.Collect$$_printf_percent$$00000009  0x000001e0   Section        8  _printf_d.o(.ARM.Collect$$_printf_percent$$00000009)
    .ARM.Collect$$_printf_percent$$00000017  0x000001e8   Section        8  _printf_percent_end.o(.ARM.Collect$$_printf_percent$$00000017)
    .ARM.Collect$$libinit$$00000000          0x000001f8   Section        2  libinit.o(.ARM.Collect$$libinit$$00000000)
    .ARM.Collect$$libinit$$00000002          0x000001fa   Section        0  libinit2.o(.ARM.Collect$$libinit$$00000002)
    .ARM.Collect$$libinit$$00000008          0x000001fa   Section        0  libinit2.o(.ARM.Collect$$libinit$$00000008)
    .ARM.Collect$$libinit$$0000000A          0x000001fa   Section        0  libinit2.o(.ARM.Collect$$libinit$$0000000A)
    .ARM.Collect$$libinit$$0000000C          0x000001fa   Section        0  libinit2.o(.ARM.Collect$$libinit$$0000000C)
    .ARM.Collect$$libinit$$0000000F          0x000001fa   Section        0  libinit2.o(.ARM.Collect$$libinit$$0000000F)
    .ARM.Collect$$libinit$$00000011          0x000001fa   Section        0  libinit2.o(.ARM.Collect$$libinit$$00000011)
    .ARM.Collect$$libinit$$00000013          0x000001fa   Section        0  libinit2.o(.ARM.Collect$$libinit$$00000013)
    .ARM.Collect$$libinit$$00000015          0x000001fa   Section        0  libinit2.o(.ARM.Collect$$libinit$$00000015)
    .ARM.Collect$$libinit$$00000017          0x000001fa   Section        0  libinit2.o(.ARM.Collect$$libinit$$00000017)
    .ARM.Collect$$libinit$$00000019          0x000001fa   Section        0  libinit2.o(.ARM.Collect$$libinit$$00000019)
    .ARM.Collect$$libinit$$0000001B          0x000001fa   Section        0  libinit2.o(.ARM.Collect$$libinit$$0000001B)
    .ARM.Collect$$libinit$$0000001D          0x000001fa   Section        0  libinit2.o(.ARM.Collect$$libinit$$0000001D)
    .ARM.Collect$$libinit$$0000001F          0x000001fa   Section        0  libinit2.o(.ARM.Collect$$libinit$$0000001F)
    .ARM.Collect$$libinit$$00000021          0x000001fa   Section        0  libinit2.o(.ARM.Collect$$libinit$$00000021)
    .ARM.Collect$$libinit$$00000023          0x000001fa   Section        0  libinit2.o(.ARM.Collect$$libinit$$00000023)
    .ARM.Collect$$libinit$$0000002A          0x000001fa   Section        0  libinit2.o(.ARM.Collect$$libinit$$0000002A)
    .ARM.Collect$$libinit$$0000002C          0x000001fa   Section        0  libinit2.o(.ARM.Collect$$libinit$$0000002C)
    .ARM.Collect$$libinit$$0000002E          0x000001fa   Section        0  libinit2.o(.ARM.Collect$$libinit$$0000002E)
    .ARM.Collect$$libinit$$00000030          0x000001fa   Section        0  libinit2.o(.ARM.Collect$$libinit$$00000030)
    .ARM.Collect$$libinit$$00000031          0x000001fa   Section       12  libinit2.o(.ARM.Collect$$libinit$$00000031)
    .ARM.Collect$$libshutdown$$00000000      0x00000210   Section        4  libshutdown.o(.ARM.Collect$$libshutdown$$00000000)
    .ARM.Collect$$libshutdown$$00000003      0x00000214   Section        0  libshutdown2.o(.ARM.Collect$$libshutdown$$00000003)
    .ARM.Collect$$libshutdown$$00000006      0x00000214   Section        0  libshutdown2.o(.ARM.Collect$$libshutdown$$00000006)
    .ARM.Collect$$libshutdown$$00000009      0x00000214   Section        0  libshutdown2.o(.ARM.Collect$$libshutdown$$00000009)
    .ARM.Collect$$libshutdown$$0000000B      0x00000214   Section        0  libshutdown2.o(.ARM.Collect$$libshutdown$$0000000B)
    .ARM.Collect$$libshutdown$$0000000E      0x00000214   Section        0  libshutdown2.o(.ARM.Collect$$libshutdown$$0000000E)
    .ARM.Collect$$libshutdown$$0000000F      0x00000214   Section        6  libshutdown2.o(.ARM.Collect$$libshutdown$$0000000F)
    .ARM.Collect$$rtentry$$00000000          0x0000021c   Section        0  rtentry.o(.ARM.Collect$$rtentry$$00000000)
    .ARM.Collect$$rtentry$$00000002          0x0000021c   Section        0  rtentry2.o(.ARM.Collect$$rtentry$$00000002)
    .ARM.Collect$$rtentry$$00000004          0x0000021c   Section        8  rtentry4.o(.ARM.Collect$$rtentry$$00000004)
    .ARM.Collect$$rtentry$$00000009          0x00000224   Section        0  rtentry2.o(.ARM.Collect$$rtentry$$00000009)
    .ARM.Collect$$rtentry$$0000000A          0x00000224   Section        4  rtentry2.o(.ARM.Collect$$rtentry$$0000000A)
    .ARM.Collect$$rtentry$$0000000C          0x00000228   Section        0  rtentry2.o(.ARM.Collect$$rtentry$$0000000C)
    .ARM.Collect$$rtentry$$0000000D          0x00000228   Section       40  rtentry2.o(.ARM.Collect$$rtentry$$0000000D)
    .ARM.Collect$$rtexit$$00000000           0x00000254   Section        4  rtexit.o(.ARM.Collect$$rtexit$$00000000)
    .ARM.Collect$$rtexit$$00000002           0x00000258   Section        0  rtexit2.o(.ARM.Collect$$rtexit$$00000002)
    .ARM.Collect$$rtexit$$00000003           0x00000258   Section        4  rtexit2.o(.ARM.Collect$$rtexit$$00000003)
    .ARM.Collect$$rtexit$$00000004           0x0000025c   Section        8  rtexit2.o(.ARM.Collect$$rtexit$$00000004)
    .text                                    0x00000264   Section       32  startup.o(.text)
    .text                                    0x00000284   Section        0  adc.o(.text)
    .text                                    0x000003c0   Section        0  delay.o(.text)
    .text                                    0x0000041c   Section        0  esp01.o(.text)
    .text                                    0x00000c28   Section        0  uart_int.o(.text)
    .text                                    0x00000ee8   Section        0  lcd.o(.text)
    .text                                    0x000011bc   Section        0  keypad.o(.text)
    .text                                    0x000013c0   Section        0  rtc.o(.text)
    .text                                    0x00001b00   Section        0  main3.o(.text)
    .text                                    0x00001ea4   Section        0  __2sprintf.o(.text)
    .text                                    0x00001ed0   Section        0  _printf_pad.o(.text)
    .text                                    0x00001f30   Section        0  _printf_dec.o(.text)
    .text                                    0x00001fa0   Section        0  __printf_flags_wp.o(.text)
    .text                                    0x000020f0   Section        0  strstr.o(.text)
    .text                                    0x0000211c   Section       64  rt_memclr.o(.text)
    .text                                    0x0000215c   Section      384  aeabi_sdiv.o(.text)
    __arm_div8                               0x00002188   ARM Code       0  aeabi_sdiv.o(.text)
    __arm_div5                               0x000021ac   ARM Code       0  aeabi_sdiv.o(.text)
    __arm_div2                               0x000021d0   ARM Code       0  aeabi_sdiv.o(.text)
    __arm_div_large                          0x0000220c   ARM Code       0  aeabi_sdiv.o(.text)
    .text                                    0x000022dc   Section        0  heapauxi.o(.text)
    .text                                    0x000022e2   Section        0  _printf_intcommon.o(.text)
    .text                                    0x0000239c   Section        0  _printf_char_common.o(.text)
    _printf_input_char                       0x0000239d   Thumb Code    10  _printf_char_common.o(.text)
    .text                                    0x000023cc   Section        0  _sputc.o(.text)
    .text                                    0x000023d8   Section       84  rt_memclr_w.o(.text)
    .text                                    0x00002430   Section       44  rtudiv10.o(.text)
    .text                                    0x0000245c   Section       96  sys_stackheap_outer.o(.text)
    .text                                    0x000024bc   Section        0  exit.o(.text)
    .text                                    0x000024c8   Section       12  libspace.o(.text)
    .text                                    0x000024dc   Section        0  sys_exit.o(.text)
    .text                                    0x000024e8   Section        4  use_no_semi.o(.text)
    .text                                    0x000024ec   Section        0  indicate_semi.o(.text)
    .text_udiv                               0x000024ec   Section       36  aeabi_sdiv.o(.text_udiv)
    i.__ARM_common_call_via_r1               0x00002510   Section        0  __printf.o(i.__ARM_common_call_via_r1)
    i.__ARM_common_call_via_r2               0x00002512   Section        0  __printf.o(i.__ARM_common_call_via_r2)
    i._is_digit                              0x00002514   Section        0  __printf_wp.o(i._is_digit)
    x$fpl$d2f                                0x00002524   Section      108  d2f.o(x$fpl$d2f)
    x$fpl$ddiv                               0x00002590   Section      736  ddiv.o(x$fpl$ddiv)
    ddiv_entry                               0x00002598   ARM Code       0  ddiv.o(x$fpl$ddiv)
    x$fpl$dflt                               0x00002870   Section       88  dflt_noclz.o(x$fpl$dflt)
    x$fpl$dfltu                              0x000028c8   Section       12  dflt_noclz.o(x$fpl$dfltu)
    x$fpl$dmul                               0x000028d4   Section      384  dmul.o(x$fpl$dmul)
    x$fpl$dnaninf                            0x00002a54   Section      192  dnaninf.o(x$fpl$dnaninf)
    x$fpl$dretinf                            0x00002b14   Section       16  dretinf.o(x$fpl$dretinf)
    x$fpl$fadd                               0x00002b24   Section      196  faddsub_noclz.o(x$fpl$fadd)
    _fadd1                                   0x00002b30   ARM Code       0  faddsub_noclz.o(x$fpl$fadd)
    x$fpl$ffix                               0x00002be8   Section       68  ffix.o(x$fpl$ffix)
    x$fpl$ffixu                              0x00002c2c   Section       84  ffixu.o(x$fpl$ffixu)
    x$fpl$fflt                               0x00002c80   Section       92  fflt_noclz.o(x$fpl$fflt)
    x$fpl$fmul                               0x00002cdc   Section      256  fmul.o(x$fpl$fmul)
    x$fpl$fnaninf                            0x00002ddc   Section      168  fnaninf.o(x$fpl$fnaninf)
    x$fpl$fretinf                            0x00002e84   Section       16  fretinf.o(x$fpl$fretinf)
    x$fpl$frsb                               0x00002e94   Section       20  faddsub_noclz.o(x$fpl$frsb)
    x$fpl$fsub                               0x00002ea8   Section      304  faddsub_noclz.o(x$fpl$fsub)
    _fsub1                                   0x00002eb4   ARM Code       0  faddsub_noclz.o(x$fpl$fsub)
    .constdata                               0x00002fd8   Section       17  __printf_flags_wp.o(.constdata)
    x$fpl$usenofp                            0x00002fd8   Section        0  usenofp.o(x$fpl$usenofp)
    maptable                                 0x00002fd8   Data          17  __printf_flags_wp.o(.constdata)
    .data                                    0x40000000   Section        4  adc.o(.data)
    .data                                    0x40000004   Section      204  uart_int.o(.data)
    .data                                    0x400000d0   Section       36  keypad.o(.data)
    .data                                    0x400000f4   Section       56  rtc.o(.data)
    .data                                    0x4000012c   Section       32  main3.o(.data)
    .bss                                     0x4000014c   Section       96  libspace.o(.bss)
    HEAP                                     0x400001b0   Section        0  startup.o(HEAP)
    STACK                                    0x400001b0   Section     1160  startup.o(STACK)
    Heap_Mem                                 0x400001b0   Data           0  startup.o(HEAP)
    Stack_Mem                                0x400001b0   Data        1024  startup.o(STACK)
    Stack_Top                                0x40000638   Data           0  startup.o(STACK)

    Global Symbols

    Symbol Name                              Value     Ov Type        Size  Object(Section)

    BuildAttributes$$THM_ISAv1$ARM_ISAv4$S$PE$A:L22$X:L11$S22$IEEE1$IW$USESV6$~STKCKD$USESV7$~SHL$OSPACE$ROPI$EBA8$UX$STANDARDLIB$REQ8$PRES8$EABIv2 0x00000000   Number         0  anon$$obj.o ABSOLUTE
    __ARM_use_no_argv                        0x00000000   Number         0  main3.o ABSOLUTE
    _printf_flags                            0x00000000   Number         0  printf_stubs.o ABSOLUTE
    _printf_return_value                     0x00000000   Number         0  printf_stubs.o ABSOLUTE
    _printf_sizespec                         0x00000000   Number         0  printf_stubs.o ABSOLUTE
    _printf_widthprec                        0x00000000   Number         0  printf_stubs.o ABSOLUTE
    __ARM_exceptions_init                     - Undefined Weak Reference
    __alloca_initialize                       - Undefined Weak Reference
    __cpp_initialize__aeabi_                  - Undefined Weak Reference
    __cxa_finalize                            - Undefined Weak Reference
    __rt_locale                               - Undefined Weak Reference
    __sigvec_lookup                           - Undefined Weak Reference
    _atexit_init                              - Undefined Weak Reference
    _call_atexit_fns                          - Undefined Weak Reference
    _clock_init                               - Undefined Weak Reference
    _fp_trap_init                             - Undefined Weak Reference
    _fp_trap_shutdown                         - Undefined Weak Reference
    _get_lc_collate                           - Undefined Weak Reference
    _get_lc_ctype                             - Undefined Weak Reference
    _get_lc_monetary                          - Undefined Weak Reference
    _get_lc_numeric                           - Undefined Weak Reference
    _get_lc_time                              - Undefined Weak Reference
    _getenv_init                              - Undefined Weak Reference
    _handle_redirection                       - Undefined Weak Reference
    _init_alloc                               - Undefined Weak Reference
    _init_user_alloc                          - Undefined Weak Reference
    _initio                                   - Undefined Weak Reference
    _printf_truncate_signed                   - Undefined Weak Reference
    _printf_truncate_unsigned                 - Undefined Weak Reference
    _rand_init                                - Undefined Weak Reference
    _signal_finish                            - Undefined Weak Reference
    _signal_init                              - Undefined Weak Reference
    _terminate_alloc                          - Undefined Weak Reference
    _terminate_user_alloc                     - Undefined Weak Reference
    _terminateio                              - Undefined Weak Reference
    Reset_Handler                            0x00000058   ARM Code       0  startup.o(RESET)
    __main                                   0x00000110   ARM Code       8  __main.o(!!!main)
    __scatterload                            0x00000118   ARM Code       0  __scatter.o(!!!scatter)
    __scatterload_rt2                        0x00000118   ARM Code      52  __scatter.o(!!!scatter)
    __scatterload_null                       0x0000012c   ARM Code       0  __scatter.o(!!!scatter)
    __decompress                             0x00000154   ARM Code      92  __dczerorl2.o(!!dczerorl2)
    __decompress1                            0x00000154   ARM Code       0  __dczerorl2.o(!!dczerorl2)
    __scatterload_zeroinit                   0x000001b0   ARM Code      44  __scatter_zi.o(!!handler_zi)
    Inline Thumb to ARM Veneer to _printf_percent 0x000001dd   Thumb Code     4  _printf_percent.o(.ARM.Collect$$_printf_percent$$00000000)
    _printf_d                                0x000001e0   ARM Code       0  _printf_d.o(.ARM.Collect$$_printf_percent$$00000009)
    _printf_percent                          0x000001e0   ARM Code       0  _printf_percent.o(.ARM.Collect$$_printf_percent$$00000000)
    _printf_percent_end                      0x000001e8   ARM Code       0  _printf_percent_end.o(.ARM.Collect$$_printf_percent$$00000017)
    Inline ARM to Thumb Veneer to __rt_lib_init 0x000001f0   ARM Code       8  libinit.o(.ARM.Collect$$libinit$$00000000)
    __rt_lib_init                            0x000001f9   Thumb Code     0  libinit.o(.ARM.Collect$$libinit$$00000000)
    __rt_lib_init_alloca_1                   0x000001fb   Thumb Code     0  libinit2.o(.ARM.Collect$$libinit$$0000002C)
    __rt_lib_init_argv_1                     0x000001fb   Thumb Code     0  libinit2.o(.ARM.Collect$$libinit$$0000002A)
    __rt_lib_init_atexit_1                   0x000001fb   Thumb Code     0  libinit2.o(.ARM.Collect$$libinit$$00000019)
    __rt_lib_init_clock_1                    0x000001fb   Thumb Code     0  libinit2.o(.ARM.Collect$$libinit$$0000001F)
    __rt_lib_init_cpp_1                      0x000001fb   Thumb Code     0  libinit2.o(.ARM.Collect$$libinit$$00000030)
    __rt_lib_init_exceptions_1               0x000001fb   Thumb Code     0  libinit2.o(.ARM.Collect$$libinit$$0000002E)
    __rt_lib_init_fp_1                       0x000001fb   Thumb Code     0  libinit2.o(.ARM.Collect$$libinit$$00000002)
    __rt_lib_init_fp_trap_1                  0x000001fb   Thumb Code     0  libinit2.o(.ARM.Collect$$libinit$$0000001D)
    __rt_lib_init_getenv_1                   0x000001fb   Thumb Code     0  libinit2.o(.ARM.Collect$$libinit$$00000021)
    __rt_lib_init_heap_1                     0x000001fb   Thumb Code     0  libinit2.o(.ARM.Collect$$libinit$$00000008)
    __rt_lib_init_lc_collate_1               0x000001fb   Thumb Code     0  libinit2.o(.ARM.Collect$$libinit$$0000000F)
    __rt_lib_init_lc_ctype_1                 0x000001fb   Thumb Code     0  libinit2.o(.ARM.Collect$$libinit$$00000011)
    __rt_lib_init_lc_monetary_1              0x000001fb   Thumb Code     0  libinit2.o(.ARM.Collect$$libinit$$00000013)
    __rt_lib_init_lc_numeric_1               0x000001fb   Thumb Code     0  libinit2.o(.ARM.Collect$$libinit$$00000015)
    __rt_lib_init_lc_time_1                  0x000001fb   Thumb Code     0  libinit2.o(.ARM.Collect$$libinit$$00000017)
    __rt_lib_init_rand_1                     0x000001fb   Thumb Code     0  libinit2.o(.ARM.Collect$$libinit$$0000000C)
    __rt_lib_init_return                     0x000001fb   Thumb Code     0  libinit2.o(.ARM.Collect$$libinit$$00000031)
    __rt_lib_init_signal_1                   0x000001fb   Thumb Code     0  libinit2.o(.ARM.Collect$$libinit$$0000001B)
    __rt_lib_init_stdio_1                    0x000001fb   Thumb Code     0  libinit2.o(.ARM.Collect$$libinit$$00000023)
    __rt_lib_init_user_alloc_1               0x000001fb   Thumb Code     0  libinit2.o(.ARM.Collect$$libinit$$0000000A)
    Inline ARM to Thumb Veneer to __rt_lib_shutdown 0x00000208   ARM Code       8  libshutdown.o(.ARM.Collect$$libshutdown$$00000000)
    __rt_lib_shutdown                        0x00000211   Thumb Code     0  libshutdown.o(.ARM.Collect$$libshutdown$$00000000)
    __rt_lib_shutdown_fp_trap_1              0x00000215   Thumb Code     0  libshutdown2.o(.ARM.Collect$$libshutdown$$00000006)
    __rt_lib_shutdown_heap_1                 0x00000215   Thumb Code     0  libshutdown2.o(.ARM.Collect$$libshutdown$$0000000E)
    __rt_lib_shutdown_return                 0x00000215   Thumb Code     0  libshutdown2.o(.ARM.Collect$$libshutdown$$0000000F)
    __rt_lib_shutdown_signal_1               0x00000215   Thumb Code     0  libshutdown2.o(.ARM.Collect$$libshutdown$$00000009)
    __rt_lib_shutdown_stdio_1                0x00000215   Thumb Code     0  libshutdown2.o(.ARM.Collect$$libshutdown$$00000003)
    __rt_lib_shutdown_user_alloc_1           0x00000215   Thumb Code     0  libshutdown2.o(.ARM.Collect$$libshutdown$$0000000B)
    __rt_entry                               0x0000021c   ARM Code       0  rtentry.o(.ARM.Collect$$rtentry$$00000000)
    __rt_entry_presh_1                       0x0000021c   ARM Code       0  rtentry2.o(.ARM.Collect$$rtentry$$00000002)
    __rt_entry_sh                            0x0000021c   ARM Code       0  rtentry4.o(.ARM.Collect$$rtentry$$00000004)
    __rt_entry_li                            0x00000224   ARM Code       0  rtentry2.o(.ARM.Collect$$rtentry$$0000000A)
    __rt_entry_postsh_1                      0x00000224   ARM Code       0  rtentry2.o(.ARM.Collect$$rtentry$$00000009)
    __rt_entry_main                          0x00000228   ARM Code       0  rtentry2.o(.ARM.Collect$$rtentry$$0000000D)
    __rt_entry_postli_1                      0x00000228   ARM Code       0  rtentry2.o(.ARM.Collect$$rtentry$$0000000C)
    Inline Thumb to ARM Veneer to __rt_exit  0x00000251   Thumb Code     4  rtexit.o(.ARM.Collect$$rtexit$$00000000)
    __rt_exit                                0x00000254   ARM Code       0  rtexit.o(.ARM.Collect$$rtexit$$00000000)
    __rt_exit_ls                             0x00000258   ARM Code       0  rtexit2.o(.ARM.Collect$$rtexit$$00000003)
    __rt_exit_prels_1                        0x00000258   ARM Code       0  rtexit2.o(.ARM.Collect$$rtexit$$00000002)
    __rt_exit_exit                           0x0000025c   ARM Code       0  rtexit2.o(.ARM.Collect$$rtexit$$00000004)
    __user_initial_stackheap                 0x00000264   ARM Code       0  startup.o(.text)
    Init_ADC                                 0x00000284   ARM Code      36  adc.o(.text)
    Read_ADC                                 0x000002a8   ARM Code     192  adc.o(.text)
    LM35_read                                0x00000368   ARM Code      56  adc.o(.text)
    delay_us                                 0x000003c0   ARM Code      28  delay.o(.text)
    delay_ms                                 0x000003dc   ARM Code      28  delay.o(.text)
    delay_s                                  0x000003f8   ARM Code      28  delay.o(.text)
    esp01_connectAP                          0x0000041c   ARM Code    1220  esp01.o(.text)
    esp01_sendToThingspeak                   0x000008e0   ARM Code     808  esp01.o(.text)
    UART0_isr                                0x00000c28   ARM Code     180  uart_int.o(.text)
    Init_UART0                               0x00000cdc   ARM Code     100  uart_int.o(.text)
    UART0_Tx                                 0x00000d40   ARM Code      32  uart_int.o(.text)
    UART0_Rx                                 0x00000d60   ARM Code      32  uart_int.o(.text)
    UART0_Tx_str                             0x00000d80   ARM Code      40  uart_int.o(.text)
    UART0_Tx_int                             0x00000da8   ARM Code     144  uart_int.o(.text)
    UART0_Float                              0x00000e38   ARM Code     100  uart_int.o(.text)
    DelayS                                   0x00000e9c   ARM Code      40  uart_int.o(.text)
    Write_LCD                                0x00000ee8   ARM Code      96  lcd.o(.text)
    Write_CMD_LCD                            0x00000f48   ARM Code      44  lcd.o(.text)
    LCD_Init                                 0x00000f74   ARM Code     176  lcd.o(.text)
    SetCursor                                0x00001024   ARM Code      60  lcd.o(.text)
    Write_DAT_LCD                            0x00001060   ARM Code      44  lcd.o(.text)
    Write_str_LCD                            0x0000108c   ARM Code      40  lcd.o(.text)
    Write_int_LCD                            0x000010b4   ARM Code     136  lcd.o(.text)
    Write_float_LCD                          0x0000113c   ARM Code     120  lcd.o(.text)
    Init_KPM                                 0x000011bc   ARM Code      24  keypad.o(.text)
    ColScan                                  0x000011d4   ARM Code      40  keypad.o(.text)
    RowCheck                                 0x000011fc   ARM Code      92  keypad.o(.text)
    ColCheck                                 0x00001258   ARM Code      56  keypad.o(.text)
    KeyDetect                                0x00001290   ARM Code     108  keypad.o(.text)
    ReadNum                                  0x000012fc   ARM Code     180  keypad.o(.text)
    Init_RTC                                 0x000013c0   ARM Code      40  rtc.o(.text)
    GetRTCTime                               0x000013e8   ARM Code      40  rtc.o(.text)
    DisplayRTCTime                           0x00001410   ARM Code     208  rtc.o(.text)
    GetRTCDate                               0x000014e0   ARM Code      40  rtc.o(.text)
    DisplayRTCDate                           0x00001508   ARM Code     164  rtc.o(.text)
    GetRTCDay                                0x000015ac   ARM Code      16  rtc.o(.text)
    DisplayRTCDay                            0x000015bc   ARM Code      40  rtc.o(.text)
    setRTCTime                               0x000015e4   ARM Code      20  rtc.o(.text)
    setRTCDate                               0x000015f8   ARM Code      20  rtc.o(.text)
    setRTCDay                                0x0000160c   ARM Code      12  rtc.o(.text)
    SetRTCHour                               0x00001618   ARM Code      12  rtc.o(.text)
    SetRTCMin                                0x00001624   ARM Code      12  rtc.o(.text)
    SetRTCSec                                0x00001630   ARM Code      12  rtc.o(.text)
    SetRTCDATE                               0x0000163c   ARM Code      12  rtc.o(.text)
    SetRTCMONTH                              0x00001648   ARM Code      12  rtc.o(.text)
    SetRTCYEAR                               0x00001654   ARM Code      12  rtc.o(.text)
    edit                                     0x00001660   ARM Code     752  rtc.o(.text)
    display                                  0x00001950   ARM Code     352  rtc.o(.text)
    BuildCGRAM                               0x00001b00   ARM Code     100  main3.o(.text)
    eint1_isr                                0x00001b64   ARM Code      80  main3.o(.text)
    Enable_EINT1                             0x00001bb4   ARM Code      64  main3.o(.text)
    main                                     0x00001bf4   ARM Code     680  main3.o(.text)
    Inline ARM to Thumb Veneer to __2sprintf 0x00001e9c   ARM Code       8  __2sprintf.o(.text)
    __2sprintf                               0x00001ea5   Thumb Code    40  __2sprintf.o(.text)
    _printf_pre_padding                      0x00001ed1   Thumb Code    50  _printf_pad.o(.text)
    _printf_post_padding                     0x00001f03   Thumb Code    36  _printf_pad.o(.text)
    Inline ARM to Thumb Veneer to _printf_int_dec 0x00001f28   ARM Code       8  _printf_dec.o(.text)
    _printf_int_dec                          0x00001f31   Thumb Code    94  _printf_dec.o(.text)
    __printf                                 0x00001fa1   Thumb Code   322  __printf_flags_wp.o(.text)
    Inline ARM to Thumb Veneer to strstr     0x000020e8   ARM Code       8  strstr.o(.text)
    strstr                                   0x000020f1   Thumb Code    42  strstr.o(.text)
    __aeabi_memclr                           0x0000211c   ARM Code       0  rt_memclr.o(.text)
    __rt_memclr                              0x0000211c   ARM Code      64  rt_memclr.o(.text)
    _memset                                  0x00002120   ARM Code       0  rt_memclr.o(.text)
    __aeabi_idiv                             0x0000215c   ARM Code       0  aeabi_sdiv.o(.text)
    __aeabi_idivmod                          0x0000215c   ARM Code     384  aeabi_sdiv.o(.text)
    __use_two_region_memory                  0x000022dd   Thumb Code     2  heapauxi.o(.text)
    __rt_heap_escrow$2region                 0x000022df   Thumb Code     2  heapauxi.o(.text)
    __rt_heap_expand$2region                 0x000022e1   Thumb Code     2  heapauxi.o(.text)
    _printf_int_common                       0x000022e3   Thumb Code   186  _printf_intcommon.o(.text)
    _printf_char_common                      0x000023a7   Thumb Code    34  _printf_char_common.o(.text)
    _sputc                                   0x000023cd   Thumb Code    10  _sputc.o(.text)
    __aeabi_memclr4                          0x000023d8   ARM Code       0  rt_memclr_w.o(.text)
    __aeabi_memclr8                          0x000023d8   ARM Code       0  rt_memclr_w.o(.text)
    __rt_memclr_w                            0x000023d8   ARM Code      84  rt_memclr_w.o(.text)
    _memset_w                                0x000023dc   ARM Code       0  rt_memclr_w.o(.text)
    Inline Thumb to ARM Veneer to __rt_udiv10 0x0000242d   Thumb Code     4  rtudiv10.o(.text)
    __rt_udiv10                              0x00002430   ARM Code      44  rtudiv10.o(.text)
    __user_setup_stackheap                   0x0000245c   ARM Code      96  sys_stackheap_outer.o(.text)
    exit                                     0x000024bd   Thumb Code    12  exit.o(.text)
    __user_libspace                          0x000024c8   ARM Code      12  libspace.o(.text)
    __user_perproc_libspace                  0x000024c8   ARM Code       0  libspace.o(.text)
    __user_perthread_libspace                0x000024c8   ARM Code       0  libspace.o(.text)
    Inline ARM to Thumb Veneer to _sys_exit  0x000024d4   ARM Code       8  sys_exit.o(.text)
    _sys_exit                                0x000024dd   Thumb Code     8  sys_exit.o(.text)
    __I$use$semihosting                      0x000024e8   ARM Code       0  use_no_semi.o(.text)
    __use_no_semihosting_swi                 0x000024e8   ARM Code       4  use_no_semi.o(.text)
    __aeabi_uidiv                            0x000024ec   ARM Code       0  aeabi_sdiv.o(.text_udiv)
    __aeabi_uidivmod                         0x000024ec   ARM Code      36  aeabi_sdiv.o(.text_udiv)
    __semihosting_library_function           0x000024ec   ARM Code       0  indicate_semi.o(.text)
    __ARM_common_call_via_r1                 0x00002511   Thumb Code     2  __printf.o(i.__ARM_common_call_via_r1)
    __ARM_common_call_via_r2                 0x00002513   Thumb Code     2  __printf.o(i.__ARM_common_call_via_r2)
    _is_digit                                0x00002515   Thumb Code    14  __printf_wp.o(i._is_digit)
    __aeabi_d2f                              0x00002524   ARM Code       0  d2f.o(x$fpl$d2f)
    _d2f                                     0x00002524   ARM Code     108  d2f.o(x$fpl$d2f)
    __aeabi_ddiv                             0x00002590   ARM Code       0  ddiv.o(x$fpl$ddiv)
    _ddiv                                    0x00002590   ARM Code     600  ddiv.o(x$fpl$ddiv)
    __aeabi_i2d                              0x00002870   ARM Code       0  dflt_noclz.o(x$fpl$dflt)
    _dflt                                    0x00002870   ARM Code      88  dflt_noclz.o(x$fpl$dflt)
    __dflt_normalise                         0x00002880   ARM Code       0  dflt_noclz.o(x$fpl$dflt)
    __aeabi_ui2d                             0x000028c8   ARM Code       0  dflt_noclz.o(x$fpl$dfltu)
    _dfltu                                   0x000028c8   ARM Code      12  dflt_noclz.o(x$fpl$dfltu)
    __aeabi_dmul                             0x000028d4   ARM Code       0  dmul.o(x$fpl$dmul)
    _dmul                                    0x000028d4   ARM Code     372  dmul.o(x$fpl$dmul)
    __fpl_dnaninf                            0x00002a54   ARM Code     192  dnaninf.o(x$fpl$dnaninf)
    __fpl_dretinf                            0x00002b14   ARM Code      16  dretinf.o(x$fpl$dretinf)
    __aeabi_fadd                             0x00002b24   ARM Code       0  faddsub_noclz.o(x$fpl$fadd)
    _fadd                                    0x00002b24   ARM Code     196  faddsub_noclz.o(x$fpl$fadd)
    __aeabi_f2iz                             0x00002be8   ARM Code       0  ffix.o(x$fpl$ffix)
    _ffix                                    0x00002be8   ARM Code      68  ffix.o(x$fpl$ffix)
    __aeabi_f2uiz                            0x00002c2c   ARM Code       0  ffixu.o(x$fpl$ffixu)
    _ffixu                                   0x00002c2c   ARM Code      84  ffixu.o(x$fpl$ffixu)
    __aeabi_i2f                              0x00002c80   ARM Code       0  fflt_noclz.o(x$fpl$fflt)
    _fflt                                    0x00002c80   ARM Code      92  fflt_noclz.o(x$fpl$fflt)
    __fflt_normalise                         0x00002c8c   ARM Code       0  fflt_noclz.o(x$fpl$fflt)
    __aeabi_fmul                             0x00002cdc   ARM Code       0  fmul.o(x$fpl$fmul)
    _fmul                                    0x00002cdc   ARM Code     256  fmul.o(x$fpl$fmul)
    __fpl_fnaninf                            0x00002ddc   ARM Code     168  fnaninf.o(x$fpl$fnaninf)
    __fpl_fretinf                            0x00002e84   ARM Code      16  fretinf.o(x$fpl$fretinf)
    __aeabi_frsub                            0x00002e94   ARM Code       0  faddsub_noclz.o(x$fpl$frsb)
    _frsb                                    0x00002e94   ARM Code      20  faddsub_noclz.o(x$fpl$frsb)
    __aeabi_fsub                             0x00002ea8   ARM Code       0  faddsub_noclz.o(x$fpl$fsub)
    _fsub                                    0x00002ea8   ARM Code     304  faddsub_noclz.o(x$fpl$fsub)
    __I$use$fp                               0x00002fd8   Number         0  usenofp.o(x$fpl$usenofp)
    Region$$Table$$Base                      0x00002fec   Number         0  anon$$obj.o(Region$$Table)
    Region$$Table$$Limit                     0x0000300c   Number         0  anon$$obj.o(Region$$Table)
    temp1                                    0x40000000   Data           4  adc.o(.data)
    buff                                     0x40000004   Data         200  uart_int.o(.data)
    i                                        0x400000cc   Data           1  uart_int.o(.data)
    dummy                                    0x400000cd   Data           1  uart_int.o(.data)
    ch                                       0x400000ce   Data           1  uart_int.o(.data)
    r_flag                                   0x400000cf   Data           1  uart_int.o(.data)
    keypad_lut                               0x400000d0   Data          16  keypad.o(.data)
    row_val                                  0x400000e0   Data           1  keypad.o(.data)
    col_val                                  0x400000e1   Data           1  keypad.o(.data)
    c0                                       0x400000e4   Data           4  keypad.o(.data)
    c1                                       0x400000e8   Data           4  keypad.o(.data)
    c2                                       0x400000ec   Data           4  keypad.o(.data)
    c3                                       0x400000f0   Data           4  keypad.o(.data)
    week                                     0x400000f4   Data          28  rtc.o(.data)
    hour                                     0x40000110   Data           4  rtc.o(.data)
    min                                      0x40000114   Data           4  rtc.o(.data)
    sec                                      0x40000118   Data           4  rtc.o(.data)
    day                                      0x4000011c   Data           4  rtc.o(.data)
    mon                                      0x40000120   Data           4  rtc.o(.data)
    year                                     0x40000124   Data           4  rtc.o(.data)
    date                                     0x40000128   Data           4  rtc.o(.data)
    last_sent_min                            0x4000012c   Data           4  main3.o(.data)
    gas_flag                                 0x40000130   Data           4  main3.o(.data)
    filled_zero                              0x40000134   Data           8  main3.o(.data)
    solid_circle                             0x4000013c   Data           8  main3.o(.data)
    temp                                     0x40000144   Data           4  main3.o(.data)
    gas_data                                 0x40000148   Data           4  main3.o(.data)
    __libspace_start                         0x4000014c   Data          96  libspace.o(.bss)
    __temporary_stack_top$libspace           0x400001ac   Data           0  libspace.o(.bss)



==============================================================================

Memory Map of the image

  Image Entry point : 0x00000110

  Load Region LR_IROM1 (Base: 0x00000000, Size: 0x00003158, Max: 0x00080000, ABSOLUTE, COMPRESSED[0x00003054])

    Execution Region ER_IROM1 (Base: 0x00000000, Size: 0x0000300c, Max: 0x00080000, ABSOLUTE)

    Base Addr    Size         Type   Attr      Idx    E Section Name        Object

    0x00000000   0x00000110   Code   RO            3    RESET               startup.o
    0x00000110   0x00000008   Code   RO          247  * !!!main             c_t.l(__main.o)
    0x00000118   0x0000003c   Code   RO          471    !!!scatter          c_t.l(__scatter.o)
    0x00000154   0x0000005c   Code   RO          469    !!dczerorl2         c_t.l(__dczerorl2.o)
    0x000001b0   0x0000002c   Code   RO          473    !!handler_zi        c_t.l(__scatter_zi.o)
    0x000001dc   0x00000004   Ven    RO          224    .ARM.Collect$$_printf_percent$$00000000  c_t.l(_printf_percent.o)
    0x000001e0   0x00000000   Code   RO          224    .ARM.Collect$$_printf_percent$$00000000  c_t.l(_printf_percent.o)
    0x000001e0   0x00000008   Code   RO          223    .ARM.Collect$$_printf_percent$$00000009  c_t.l(_printf_d.o)
    0x000001e8   0x00000008   Code   RO          292    .ARM.Collect$$_printf_percent$$00000017  c_t.l(_printf_percent_end.o)
    0x000001f0   0x00000008   Ven    RO          342    .ARM.Collect$$libinit$$00000000  c_t.l(libinit.o)
    0x000001f8   0x00000002   Code   RO          342    .ARM.Collect$$libinit$$00000000  c_t.l(libinit.o)
    0x000001fa   0x00000000   Code   RO          355    .ARM.Collect$$libinit$$00000002  c_t.l(libinit2.o)
    0x000001fa   0x00000000   Code   RO          358    .ARM.Collect$$libinit$$00000008  c_t.l(libinit2.o)
    0x000001fa   0x00000000   Code   RO          360    .ARM.Collect$$libinit$$0000000A  c_t.l(libinit2.o)
    0x000001fa   0x00000000   Code   RO          362    .ARM.Collect$$libinit$$0000000C  c_t.l(libinit2.o)
    0x000001fa   0x00000000   Code   RO          365    .ARM.Collect$$libinit$$0000000F  c_t.l(libinit2.o)
    0x000001fa   0x00000000   Code   RO          367    .ARM.Collect$$libinit$$00000011  c_t.l(libinit2.o)
    0x000001fa   0x00000000   Code   RO          369    .ARM.Collect$$libinit$$00000013  c_t.l(libinit2.o)
    0x000001fa   0x00000000   Code   RO          371    .ARM.Collect$$libinit$$00000015  c_t.l(libinit2.o)
    0x000001fa   0x00000000   Code   RO          373    .ARM.Collect$$libinit$$00000017  c_t.l(libinit2.o)
    0x000001fa   0x00000000   Code   RO          375    .ARM.Collect$$libinit$$00000019  c_t.l(libinit2.o)
    0x000001fa   0x00000000   Code   RO          377    .ARM.Collect$$libinit$$0000001B  c_t.l(libinit2.o)
    0x000001fa   0x00000000   Code   RO          379    .ARM.Collect$$libinit$$0000001D  c_t.l(libinit2.o)
    0x000001fa   0x00000000   Code   RO          381    .ARM.Collect$$libinit$$0000001F  c_t.l(libinit2.o)
    0x000001fa   0x00000000   Code   RO          383    .ARM.Collect$$libinit$$00000021  c_t.l(libinit2.o)
    0x000001fa   0x00000000   Code   RO          385    .ARM.Collect$$libinit$$00000023  c_t.l(libinit2.o)
    0x000001fa   0x00000000   Code   RO          389    .ARM.Collect$$libinit$$0000002A  c_t.l(libinit2.o)
    0x000001fa   0x00000000   Code   RO          391    .ARM.Collect$$libinit$$0000002C  c_t.l(libinit2.o)
    0x000001fa   0x00000000   Code   RO          393    .ARM.Collect$$libinit$$0000002E  c_t.l(libinit2.o)
    0x000001fa   0x00000000   Code   RO          395    .ARM.Collect$$libinit$$00000030  c_t.l(libinit2.o)
    0x000001fa   0x0000000c   Code   RO          396    .ARM.Collect$$libinit$$00000031  c_t.l(libinit2.o)
    0x00000206   0x00000002   PAD
    0x00000208   0x00000008   Ven    RO          427    .ARM.Collect$$libshutdown$$00000000  c_t.l(libshutdown.o)
    0x00000210   0x00000004   Code   RO          427    .ARM.Collect$$libshutdown$$00000000  c_t.l(libshutdown.o)
    0x00000214   0x00000000   Code   RO          454    .ARM.Collect$$libshutdown$$00000003  c_t.l(libshutdown2.o)
    0x00000214   0x00000000   Code   RO          457    .ARM.Collect$$libshutdown$$00000006  c_t.l(libshutdown2.o)
    0x00000214   0x00000000   Code   RO          460    .ARM.Collect$$libshutdown$$00000009  c_t.l(libshutdown2.o)
    0x00000214   0x00000000   Code   RO          462    .ARM.Collect$$libshutdown$$0000000B  c_t.l(libshutdown2.o)
    0x00000214   0x00000000   Code   RO          465    .ARM.Collect$$libshutdown$$0000000E  c_t.l(libshutdown2.o)
    0x00000214   0x00000006   Code   RO          466    .ARM.Collect$$libshutdown$$0000000F  c_t.l(libshutdown2.o)
    0x0000021a   0x00000002   PAD
    0x0000021c   0x00000000   Code   RO          281    .ARM.Collect$$rtentry$$00000000  c_t.l(rtentry.o)
    0x0000021c   0x00000000   Code   RO          307    .ARM.Collect$$rtentry$$00000002  c_t.l(rtentry2.o)
    0x0000021c   0x00000008   Code   RO          319    .ARM.Collect$$rtentry$$00000004  c_t.l(rtentry4.o)
    0x00000224   0x00000000   Code   RO          309    .ARM.Collect$$rtentry$$00000009  c_t.l(rtentry2.o)
    0x00000224   0x00000004   Code   RO          310    .ARM.Collect$$rtentry$$0000000A  c_t.l(rtentry2.o)
    0x00000228   0x00000000   Code   RO          312    .ARM.Collect$$rtentry$$0000000C  c_t.l(rtentry2.o)
    0x00000228   0x00000028   Code   RO          313    .ARM.Collect$$rtentry$$0000000D  c_t.l(rtentry2.o)
    0x00000250   0x00000004   Ven    RO          346    .ARM.Collect$$rtexit$$00000000  c_t.l(rtexit.o)
    0x00000254   0x00000004   Code   RO          346    .ARM.Collect$$rtexit$$00000000  c_t.l(rtexit.o)
    0x00000258   0x00000000   Code   RO          400    .ARM.Collect$$rtexit$$00000002  c_t.l(rtexit2.o)
    0x00000258   0x00000004   Code   RO          401    .ARM.Collect$$rtexit$$00000003  c_t.l(rtexit2.o)
    0x0000025c   0x00000008   Code   RO          402    .ARM.Collect$$rtexit$$00000004  c_t.l(rtexit2.o)
    0x00000264   0x00000020   Code   RO            4    .text               startup.o
    0x00000284   0x0000013c   Code   RO           11    .text               adc.o
    0x000003c0   0x0000005c   Code   RO           42    .text               delay.o
    0x0000041c   0x0000080c   Code   RO           54    .text               esp01.o
    0x00000c28   0x000002c0   Code   RO           80    .text               uart_int.o
    0x00000ee8   0x000002d4   Code   RO           98    .text               lcd.o
    0x000011bc   0x00000204   Code   RO          113    .text               keypad.o
    0x000013c0   0x00000740   Code   RO          134    .text               rtc.o
    0x00001b00   0x0000039c   Code   RO          160    .text               main3.o
    0x00001e9c   0x00000008   Ven    RO          189    .text               c_t.l(__2sprintf.o)
    0x00001ea4   0x0000002c   Code   RO          189    .text               c_t.l(__2sprintf.o)
    0x00001ed0   0x00000056   Code   RO          199    .text               c_t.l(_printf_pad.o)
    0x00001f26   0x00000002   PAD
    0x00001f28   0x00000008   Ven    RO          201    .text               c_t.l(_printf_dec.o)
    0x00001f30   0x00000070   Code   RO          201    .text               c_t.l(_printf_dec.o)
    0x00001fa0   0x00000148   Code   RO          215    .text               c_t.l(__printf_flags_wp.o)
    0x000020e8   0x00000008   Ven    RO          225    .text               c_t.l(strstr.o)
    0x000020f0   0x0000002a   Code   RO          225    .text               c_t.l(strstr.o)
    0x0000211a   0x00000002   PAD
    0x0000211c   0x00000040   Code   RO          227    .text               c_t.l(rt_memclr.o)
    0x0000215c   0x00000180   Code   RO          229    .text               c_t.l(aeabi_sdiv.o)
    0x000022dc   0x00000006   Code   RO          245    .text               c_t.l(heapauxi.o)
    0x000022e2   0x000000ba   Code   RO          286    .text               c_t.l(_printf_intcommon.o)
    0x0000239c   0x00000030   Code   RO          288    .text               c_t.l(_printf_char_common.o)
    0x000023cc   0x0000000a   Code   RO          290    .text               c_t.l(_sputc.o)
    0x000023d6   0x00000002   PAD
    0x000023d8   0x00000054   Code   RO          293    .text               c_t.l(rt_memclr_w.o)
    0x0000242c   0x00000004   Ven    RO          295    .text               c_t.l(rtudiv10.o)
    0x00002430   0x0000002c   Code   RO          295    .text               c_t.l(rtudiv10.o)
    0x0000245c   0x00000060   Code   RO          329    .text               c_t.l(sys_stackheap_outer.o)
    0x000024bc   0x0000000c   Code   RO          331    .text               c_t.l(exit.o)
    0x000024c8   0x0000000c   Code   RO          343    .text               c_t.l(libspace.o)
    0x000024d4   0x00000008   Ven    RO          397    .text               c_t.l(sys_exit.o)
    0x000024dc   0x0000000c   Code   RO          397    .text               c_t.l(sys_exit.o)
    0x000024e8   0x00000004   Code   RO          416    .text               c_t.l(use_no_semi.o)
    0x000024ec   0x00000000   Code   RO          418    .text               c_t.l(indicate_semi.o)
    0x000024ec   0x00000024   Code   RO          230    .text_udiv          c_t.l(aeabi_sdiv.o)
    0x00002510   0x00000002   Code   RO          197    i.__ARM_common_call_via_r1  c_t.l(__printf.o)
    0x00002512   0x00000002   Code   RO          195    i.__ARM_common_call_via_r2  c_t.l(__printf.o)
    0x00002514   0x0000000e   Code   RO          213    i._is_digit         c_t.l(__printf_wp.o)
    0x00002522   0x00000002   PAD
    0x00002524   0x0000006c   Code   RO          249    x$fpl$d2f           fz_ts.l(d2f.o)
    0x00002590   0x000002e0   Code   RO          252    x$fpl$ddiv          fz_ts.l(ddiv.o)
    0x00002870   0x00000058   Code   RO          256    x$fpl$dflt          fz_ts.l(dflt_noclz.o)
    0x000028c8   0x0000000c   Code   RO          255    x$fpl$dfltu         fz_ts.l(dflt_noclz.o)
    0x000028d4   0x00000180   Code   RO          259    x$fpl$dmul          fz_ts.l(dmul.o)
    0x00002a54   0x000000c0   Code   RO          297    x$fpl$dnaninf       fz_ts.l(dnaninf.o)
    0x00002b14   0x00000010   Code   RO          299    x$fpl$dretinf       fz_ts.l(dretinf.o)
    0x00002b24   0x000000c4   Code   RO          261    x$fpl$fadd          fz_ts.l(faddsub_noclz.o)
    0x00002be8   0x00000044   Code   RO          267    x$fpl$ffix          fz_ts.l(ffix.o)
    0x00002c2c   0x00000054   Code   RO          271    x$fpl$ffixu         fz_ts.l(ffixu.o)
    0x00002c80   0x0000005c   Code   RO          276    x$fpl$fflt          fz_ts.l(fflt_noclz.o)
    0x00002cdc   0x00000100   Code   RO          279    x$fpl$fmul          fz_ts.l(fmul.o)
    0x00002ddc   0x000000a8   Code   RO          301    x$fpl$fnaninf       fz_ts.l(fnaninf.o)
    0x00002e84   0x00000010   Code   RO          303    x$fpl$fretinf       fz_ts.l(fretinf.o)
    0x00002e94   0x00000014   Code   RO          262    x$fpl$frsb          fz_ts.l(faddsub_noclz.o)
    0x00002ea8   0x00000130   Code   RO          263    x$fpl$fsub          fz_ts.l(faddsub_noclz.o)
    0x00002fd8   0x00000000   Code   RO          305    x$fpl$usenofp       fz_ts.l(usenofp.o)
    0x00002fd8   0x00000011   Data   RO          216    .constdata          c_t.l(__printf_flags_wp.o)
    0x00002fe9   0x00000003   PAD
    0x00002fec   0x00000020   Data   RO          467    Region$$Table       anon$$obj.o


    Execution Region RW_IRAM1 (Base: 0x40000000, Size: 0x00000638, Max: 0x00008000, ABSOLUTE, COMPRESSED[0x00000048])

    Base Addr    Size         Type   Attr      Idx    E Section Name        Object

    0x40000000   0x00000004   Data   RW           12    .data               adc.o
    0x40000004   0x000000cc   Data   RW           81    .data               uart_int.o
    0x400000d0   0x00000024   Data   RW          114    .data               keypad.o
    0x400000f4   0x00000038   Data   RW          135    .data               rtc.o
    0x4000012c   0x00000020   Data   RW          161    .data               main3.o
    0x4000014c   0x00000060   Zero   RW          344    .bss                c_t.l(libspace.o)
    0x400001ac   0x00000004   PAD
    0x400001b0   0x00000000   Zero   RW            2    HEAP                startup.o
    0x400001b0   0x00000488   Zero   RW            1    STACK               startup.o


==============================================================================

Image component sizes


      Code (inc. data)   RO Data    RW Data    ZI Data      Debug   Object Name

       316         32          0          4          0       2798   adc.o
        92          8          0          0          0        648   delay.o
      2060        476          0          0          0       1509   esp01.o
       516         16          0         36          0       2124   keypad.o
       724          8          0          0          0       1923   lcd.o
       924        100          0         32          0       1893   main3.o
      1856        160          0         56          0       4651   rtc.o
       304         60          0          0       1160        476   startup.o
       704         36          0        204          0       2527   uart_int.o

    ----------------------------------------------------------------------
      7496        896         32        332       1160      18549   Object Totals
         0          0         32          0          0          0   (incl. Generated)
         0          0          0          0          0          0   (incl. Padding)

    ----------------------------------------------------------------------

      Code (inc. data)   RO Data    RW Data    ZI Data      Debug   Library Member Name

        52          4          0          0          0         84   __2sprintf.o
        92          0          0          0          0          0   __dczerorl2.o
         8          0          0          0          0         68   __main.o
         4          0          0          0          0        120   __printf.o
       328          6         17          0          0         92   __printf_flags_wp.o
        14          0          0          0          0         60   __printf_wp.o
        60          8          0          0          0          0   __scatter.o
        44          0          0          0          0          0   __scatter_zi.o
        48          4          0          0          0         96   _printf_char_common.o
         8          0          0          0          0          0   _printf_d.o
       120         18          0          0          0         88   _printf_dec.o
       186          0          0          0          0         96   _printf_intcommon.o
        86          0          0          0          0        116   _printf_pad.o
         4          0          0          0          0          0   _printf_percent.o
         8          0          0          0          0          0   _printf_percent_end.o
        10          0          0          0          0         60   _sputc.o
       420          0          0          0          0        148   aeabi_sdiv.o
        12          0          0          0          0         64   exit.o
         6          0          0          0          0        136   heapauxi.o
         0          0          0          0          0          0   indicate_semi.o
        10          0          0          0          0          0   libinit.o
        12          0          0          0          0          0   libinit2.o
        12          0          0          0          0          0   libshutdown.o
         6          0          0          0          0          0   libshutdown2.o
        12          4          0          0         96         68   libspace.o
        64          0          0          0          0         68   rt_memclr.o
        84          0          0          0          0         80   rt_memclr_w.o
         0          0          0          0          0          0   rtentry.o
        44          4          0          0          0          0   rtentry2.o
         8          0          0          0          0          0   rtentry4.o
         8          0          0          0          0          0   rtexit.o
        12          0          0          0          0          0   rtexit2.o
        48          0          0          0          0         68   rtudiv10.o
        50          0          0          0          0         72   strstr.o
        20          4          0          0          0         60   sys_exit.o
        96          0          0          0          0         80   sys_stackheap_outer.o
         4          0          0          0          0         68   use_no_semi.o
       108          4          0          0          0         92   d2f.o
       736        140          0          0          0        228   ddiv.o
       100          0          0          0          0        136   dflt_noclz.o
       384         16          0          0          0        124   dmul.o
       192          0          0          0          0        108   dnaninf.o
        16          0          0          0          0         68   dretinf.o
       520          8          0          0          0        236   faddsub_noclz.o
        68          4          0          0          0         84   ffix.o
        84          4          0          0          0         84   ffixu.o
        92          0          0          0          0         68   fflt_noclz.o
       256          4          0          0          0         84   fmul.o
       168          0          0          0          0         96   fnaninf.o
        16          0          0          0          0         68   fretinf.o
         0          0          0          0          0          0   usenofp.o

    ----------------------------------------------------------------------
      4752        232         20          0        100       3268   Library Totals
        12          0          3          0          4          0   (incl. Padding)

    ----------------------------------------------------------------------

      Code (inc. data)   RO Data    RW Data    ZI Data      Debug   Library Name

      2000         52         17          0         96       1792   c_t.l
      2740        180          0          0          0       1476   fz_ts.l

    ----------------------------------------------------------------------
      4752        232         20          0        100       3268   Library Totals

    ----------------------------------------------------------------------

==============================================================================


      Code (inc. data)   RO Data    RW Data    ZI Data      Debug   

     12248       1128         52        332       1260      19269   Grand Totals
     12248       1128         52         72       1260      19269   ELF Image Totals (compressed)
     12248       1128         52         72          0          0   ROM Totals

==============================================================================

    Total RO  Size (Code + RO Data)                12300 (  12.01kB)
    Total RW  Size (RW Data + ZI Data)              1592 (   1.55kB)
    Total ROM Size (Code + RO Data + RW Data)      12372 (  12.08kB)

==============================================================================

